<html>
<body>
<pre>
<h1>µVision Build Log</h1>
<h2>Project:</h2>
C:\Users\zaad\Desktop\efes proj\ARM\merg\MDK-ARM\merg.uvproj
Project File Date:  06/03/2020

<h2>Output:</h2>
Build target 'merg'
compiling main.c...
../Src/main.c(250): warning:  #111-D: statement is unreachable
        i=5;
../Src/main.c: 1 warning, 0 errors
compiling main.c...
../Src/main.c(250): warning:  #111-D: statement is unreachable
        i=5;
../Src/main.c: 1 warning, 0 errors
compiling stm32f4xx_it.c...
compiling stm32f4xx_hal_msp.c...
linking...
merg\merg.axf: Warning: L6304W: Duplicate input file merg\main.o ignored.
merg\merg.axf: Warning: L6304W: Duplicate input file merg\stm32f4xx_it.o ignored.
merg\merg.axf: Warning: L6304W: Duplicate input file merg\stm32f4xx_hal_msp.o ignored.
Program Size: Code=10052 RO-data=448 RW-data=72 ZI-data=1160  
Finished: 0 information, 3 warning and 0 error messages.
FromELF: creating hex file...
"merg\merg.axf" - 0 Error(s), 5 Warning(s).
Load "merg\\merg.axf" 
Erase Done.
Programming Done.
Verify OK.
rg\stm32f4xx_it.o ignored.
merg\merg.axf: Warning: L6304W: Duplicate input file merg\stm32f4xx_hal_msp.o ignored.
merg\merg.axf: Error: L6218E: Undefined symbol HAMEeZkAkpNmZaWcBX7UuQhvr2eHUjkqNe8Gn (referred from main.o).
Not enough information to list image symbols.
Finished: 1 information, 3 warning and 1 error messages.
"merg\merg.axf" - 1 Error(s), 7 Warning(s).
Target not created
 error
compiling stm32f4xx_it.c...
compiling stm32f4xx_hal_msp.c...
compiling stm32f4xx_hal_adc.c...
compiling stm32f4xx_hal_adc_ex.c...
compiling stm32f4xx_hal_tim.c...
compiling stm32f4xx_hal_tim_ex.c...
compiling stm32f4xx_hal_rcc.c...
compiling stm32f4xx_hal_rcc_ex.c...
compiling stm32f4xx_hal_flash.c...
compiling stm32f4xx_hal_flash_ex.c...
compiling stm32f4xx_hal_flash_ramfunc.c...
compiling stm32f4xx_hal_gpio.c...
compiling stm32f4xx_hal_dma_ex.c...
compiling stm32f4xx_hal_dma.c...
compiling stm32f4xx_hal_pwr.c...
compiling stm32f4xx_hal_pwr_ex.c...
compiling stm32f4xx_hal_cortex.c...
compiling stm32f4xx_hal.c...
compiling stm32f4xx_hal_exti.c...
compiling system_stm32f4xx.c...
"merg\merg.axf" - 2 Error(s), 6 Warning(s).
Target not created
